client/src/pages/claim-bbg-broken.tsx(378,19): error TS1005: ')' expected.
client/src/pages/claim-bbg-broken.tsx(539,18): error TS1381: Unexpected token. Did you mean `{'}'}` or `&rbrace;`?
server/communication-service-backup.ts(123,20): error TS1005: ';' expected.
server/communication-service-backup.ts(124,13): error TS1005: ';' expected.
server/communication-service-backup.ts(125,9): error TS1128: Declaration or statement expected.
server/communication-service-backup.ts(126,7): error TS1128: Declaration or statement expected.
server/communication-service-backup.ts(126,9): error TS1128: Declaration or statement expected.
server/communication-service-backup.ts(129,5): error TS1128: Declaration or statement expected.
server/communication-service-backup.ts(129,7): error TS1005: 'try' expected.
server/communication-service-backup.ts(133,3): error TS1128: Declaration or statement expected.
server/communication-service-backup.ts(135,3): error TS1434: Unexpected keyword or identifier.
server/communication-service-backup.ts(135,31): error TS1005: ',' expected.
server/communication-service-backup.ts(135,53): error TS1005: ',' expected.
server/communication-service-backup.ts(135,69): error TS1005: ',' expected.
server/communication-service-backup.ts(135,78): error TS1011: An element access expression should take an argument.
server/communication-service-backup.ts(135,81): error TS1005: ';' expected.
server/communication-service-backup.ts(140,17): error TS1005: ';' expected.
server/communication-service-backup.ts(140,19): error TS1434: Unexpected keyword or identifier.
server/communication-service-backup.ts(145,22): error TS1005: ';' expected.
server/communication-service-backup.ts(154,1): error TS1128: Declaration or statement expected.
